<!DOCTYPE html>
<html>
  <head>
    <meta charset="UTF-8">
    <title>Webpack App</title>
  <link href="main.css" rel="stylesheet"><link href="main-blessed1.css" rel="stylesheet"></head>
  <body>
  <script type="text/javascript" src="main.js"></script></body>
</html>